<!DOCTYPE html>
<html>
<head>
    <title>Trumpet inner usage test</title>
</head>
<body>
    <div id="hello-world">
        <h1>Hello, world!</h1>
        <div id="inner-hello-world">
            <h2>Inner hello!</h2>
        </div>
    </div>
</body>
</html>