            </div>
        </div>
    </div>
</div>

    <script src="//origin-static.ncplatform.net/yui/3.8.1/_config-min.js"></script>
    <script src="//origin-static.ncplatform.net/yui/3.8.1/yui/yui-min.js"></script>
    <script src="//f.com/js/_config.js"></script>
    <script src="//f.com/services/combo/js/_config.js"></script>
    <script src="//f.com/services/form/js/_config.js"></script>
    <script src="//f.com/services/tracking/js/_config.js"></script>
    <script>
        combo_config.groups["i18n://"].comboBase     = "/combo/_";
        combo_config.groups["template://"].comboBase = "/combo/_";
        
        YUI(YUI_config, combo_config, form_config, tracking_config, account_config).use("fooga", "booga");
    </script>
    <script src="//f.com/js/ga.js"></script>

</body>
</html>
